2023-11-02 00:40:12 [WARN] [gateway] [req-46526] cache miss for key (latency: 25ms)
2023-11-02 00:29:26 [WARN] [storage] [req-71380] file uploaded (latency: 60ms)
2023-11-02 00:20:27 [ERROR] [storage] [req-37296] request processed successfully (latency: 367ms)
2023-11-02 00:25:56 [INFO] [cache] [req-44511] retry attempt exhausted (latency: 319ms)
2023-11-02 00:43:14 [ERROR] [storage] [req-14818] database query executed (latency: 49ms)
2023-11-02 00:06:23 [INFO] [storage] [req-86159] user session expired (latency: 468ms)
2023-11-02 00:47:45 [WARN] [storage] [req-63982] authentication passed (latency: 465ms)
2023-11-02 00:56:03 [DEBUG] [api] [req-19236] authentication passed (latency: 237ms)
2023-11-02 00:31:58 [DEBUG] [storage] [req-62960] authentication passed (latency: 460ms)
2023-11-02 00:49:24 [INFO] [db] [req-38446] timeout reached, retrying (latency: 80ms)
2023-11-02 00:38:33 [ERROR] [cache] [req-78171] timeout reached, retrying (latency: 248ms)
2023-11-02 00:49:44 [TRACE] [auth] [req-39926] failed to parse payload (latency: 454ms)
2023-11-02 00:14:20 [WARN] [worker] [req-57145] database query executed (latency: 348ms)
2023-11-02 00:56:48 [TRACE] [gateway] [req-27679] database query executed (latency: 403ms)
2023-11-02 00:49:26 [ERROR] [cache] [req-89594] config reloaded (latency: 156ms)
2023-11-02 00:44:33 [ERROR] [worker] [req-17845] request processed successfully (latency: 201ms)
2023-11-02 00:09:40 [DEBUG] [worker] [req-15778] service health check OK (latency: 256ms)
2023-11-02 00:42:13 [INFO] [auth] [req-36741] connection established (latency: 411ms)
2023-11-02 00:17:04 [TRACE] [auth] [req-60929] user session expired (latency: 444ms)
2023-11-02 00:37:28 [INFO] [cache] [req-81185] connection established (latency: 296ms)
2023-11-02 00:24:05 [TRACE] [cache] [req-89436] authentication passed (latency: 316ms)
2023-11-02 00:57:52 [INFO] [api] [req-17272] memory usage high (latency: 171ms)
2023-11-02 00:46:39 [TRACE] [gateway] [req-19029] task queue drained (latency: 315ms)
2023-11-02 00:31:47 [WARN] [gateway] [req-25492] memory usage high (latency: 70ms)
2023-11-02 00:18:26 [DEBUG] [gateway] [req-22606] authentication passed (latency: 397ms)
2023-11-02 00:58:40 [WARN] [api] [req-29337] rate limit hit (latency: 168ms)
2023-11-02 00:00:30 [DEBUG] [gateway] [req-71034] file uploaded (latency: 477ms)
2023-11-02 00:43:15 [INFO] [gateway] [req-17256] memory usage high (latency: 475ms)
2023-11-02 00:48:36 [INFO] [auth] [req-46439] file uploaded (latency: 411ms)
2023-11-02 00:32:55 [INFO] [storage] [req-75346] file uploaded (latency: 235ms)
2023-11-02 00:02:58 [INFO] [api] [req-24655] authentication passed (latency: 297ms)
2023-11-02 00:39:45 [TRACE] [storage] [req-17021] file uploaded (latency: 364ms)
2023-11-02 00:21:09 [TRACE] [gateway] [req-22996] connection established (latency: 470ms)
2023-11-02 00:10:22 [ERROR] [api] [req-16933] service health check OK (latency: 255ms)
2023-11-02 00:08:45 [WARN] [worker] [req-51092] service health check OK (latency: 160ms)
2023-11-02 00:30:49 [WARN] [api] [req-95147] request processed successfully (latency: 53ms)
2023-11-02 00:22:16 [INFO] [cache] [req-20508] config reloaded (latency: 294ms)
2023-11-02 00:33:16 [WARN] [db] [req-48912] service health check OK (latency: 284ms)
2023-11-02 00:50:57 [WARN] [worker] [req-71579] retry attempt exhausted (latency: 17ms)
2023-11-02 00:14:59 [WARN] [db] [req-96523] config reloaded (latency: 374ms)
2023-11-02 00:22:32 [ERROR] [storage] [req-21507] timeout reached, retrying (latency: 498ms)
2023-11-02 00:40:09 [WARN] [auth] [req-60615] timeout reached, retrying (latency: 484ms)
2023-11-02 00:24:54 [DEBUG] [db] [req-91102] memory usage high (latency: 193ms)
2023-11-02 00:11:36 [WARN] [cache] [req-56549] file uploaded (latency: 367ms)
2023-11-02 00:02:17 [TRACE] [storage] [req-84228] connection established (latency: 272ms)
2023-11-02 00:06:42 [INFO] [auth] [req-27700] rate limit hit (latency: 93ms)
2023-11-02 00:39:59 [TRACE] [api] [req-59551] request processed successfully (latency: 122ms)
2023-11-02 00:23:26 [TRACE] [worker] [req-82690] authentication passed (latency: 121ms)
2023-11-02 00:40:39 [DEBUG] [db] [req-37170] connection established (latency: 326ms)
2023-11-02 00:02:35 [WARN] [worker] [req-31352] retry attempt exhausted (latency: 51ms)
2023-11-02 00:00:59 [ERROR] [api] [req-32305] file uploaded (latency: 203ms)
2023-11-02 00:10:16 [WARN] [cache] [req-50537] file uploaded (latency: 309ms)
2023-11-02 00:53:36 [WARN] [auth] [req-50336] config reloaded (latency: 82ms)
2023-11-02 00:46:17 [ERROR] [api] [req-67932] memory usage high (latency: 38ms)
2023-11-02 00:24:28 [DEBUG] [storage] [req-81826] connection established (latency: 68ms)
2023-11-02 00:07:54 [TRACE] [cache] [req-95917] authentication passed (latency: 442ms)
2023-11-02 00:54:44 [WARN] [auth] [req-94317] config reloaded (latency: 312ms)
2023-11-02 00:45:35 [ERROR] [gateway] [req-89314] failed to parse payload (latency: 265ms)
2023-11-02 00:42:09 [DEBUG] [worker] [req-68280] user session expired (latency: 276ms)
2023-11-02 00:46:30 [ERROR] [gateway] [req-47867] database query executed (latency: 430ms)
2023-11-02 00:16:16 [DEBUG] [api] [req-95295] memory usage high (latency: 275ms)
2023-11-02 00:10:20 [WARN] [gateway] [req-31901] authentication passed (latency: 74ms)
2023-11-02 00:09:37 [DEBUG] [gateway] [req-84097] request processed successfully (latency: 8ms)
2023-11-02 00:11:11 [ERROR] [cache] [req-91929] authentication passed (latency: 487ms)
2023-11-02 00:11:19 [INFO] [api] [req-30469] service health check OK (latency: 313ms)
2023-11-02 00:43:39 [INFO] [gateway] [req-43481] cache miss for key (latency: 2ms)
2023-11-02 00:51:52 [TRACE] [worker] [req-40265] file uploaded (latency: 373ms)
2023-11-02 00:26:24 [WARN] [api] [req-31739] request processed successfully (latency: 144ms)
2023-11-02 00:10:50 [INFO] [worker] [req-38934] file uploaded (latency: 408ms)
2023-11-02 00:11:49 [WARN] [worker] [req-12230] user session expired (latency: 335ms)
2023-11-02 00:32:19 [INFO] [auth] [req-22616] connection established (latency: 218ms)
2023-11-02 00:09:21 [DEBUG] [auth] [req-96568] authentication passed (latency: 418ms)
2023-11-02 00:36:42 [ERROR] [gateway] [req-43793] timeout reached, retrying (latency: 197ms)
2023-11-02 00:14:43 [ERROR] [worker] [req-68917] user session expired (latency: 281ms)
2023-11-02 00:23:15 [TRACE] [db] [req-13712] user session expired (latency: 267ms)
2023-11-02 00:37:20 [DEBUG] [api] [req-26141] timeout reached, retrying (latency: 314ms)
2023-11-02 00:42:30 [WARN] [cache] [req-23266] file uploaded (latency: 37ms)
2023-11-02 00:33:46 [WARN] [gateway] [req-21371] retry attempt exhausted (latency: 169ms)
2023-11-02 00:23:46 [WARN] [db] [req-18556] request processed successfully (latency: 153ms)
2023-11-02 00:08:16 [DEBUG] [cache] [req-78614] service health check OK (latency: 253ms)
2023-11-02 00:29:56 [INFO] [gateway] [req-22200] rate limit hit (latency: 278ms)
2023-11-02 00:46:06 [TRACE] [auth] [req-20825] failed to parse payload (latency: 211ms)
2023-11-02 00:18:37 [TRACE] [gateway] [req-37927] cache miss for key (latency: 79ms)
2023-11-02 00:43:35 [DEBUG] [gateway] [req-68011] user session expired (latency: 158ms)
2023-11-02 00:56:17 [DEBUG] [db] [req-42034] file uploaded (latency: 18ms)
2023-11-02 00:57:48 [ERROR] [api] [req-72964] retry attempt exhausted (latency: 89ms)
2023-11-02 00:12:40 [WARN] [cache] [req-65477] file uploaded (latency: 239ms)
2023-11-02 00:36:43 [DEBUG] [auth] [req-65398] file uploaded (latency: 476ms)
2023-11-02 00:20:19 [WARN] [db] [req-83777] authentication passed (latency: 462ms)
2023-11-02 00:45:05 [WARN] [api] [req-94612] database query executed (latency: 437ms)
2023-11-02 00:32:41 [DEBUG] [gateway] [req-47096] connection established (latency: 372ms)
2023-11-02 00:43:50 [ERROR] [db] [req-53145] cache miss for key (latency: 414ms)
2023-11-02 00:07:20 [TRACE] [auth] [req-47236] request processed successfully (latency: 131ms)
2023-11-02 00:27:15 [WARN] [worker] [req-99762] retry attempt exhausted (latency: 203ms)
2023-11-02 00:25:02 [ERROR] [db] [req-79769] config reloaded (latency: 31ms)
2023-11-02 00:24:40 [WARN] [storage] [req-56951] retry attempt exhausted (latency: 265ms)
2023-11-02 00:07:37 [DEBUG] [gateway] [req-31485] user session expired (latency: 251ms)
2023-11-02 00:08:42 [WARN] [auth] [req-64892] connection established (latency: 291ms)
2023-11-02 00:24:25 [ERROR] [gateway] [req-55338] task queue drained (latency: 52ms)
2023-11-02 00:05:51 [ERROR] [gateway] [req-20210] task queue drained (latency: 315ms)
2023-11-02 00:28:48 [WARN] [auth] [req-72523] authentication passed (latency: 111ms)
2023-11-02 00:01:01 [WARN] [cache] [req-33003] memory usage high (latency: 329ms)
2023-11-02 00:51:51 [TRACE] [api] [req-92938] failed to parse payload (latency: 238ms)
2023-11-02 00:05:56 [ERROR] [storage] [req-60133] service health check OK (latency: 367ms)
2023-11-02 00:58:00 [DEBUG] [storage] [req-73122] config reloaded (latency: 76ms)
2023-11-02 00:30:03 [WARN] [gateway] [req-46898] task queue drained (latency: 35ms)
2023-11-02 00:16:33 [WARN] [cache] [req-32735] memory usage high (latency: 192ms)
2023-11-02 00:17:32 [DEBUG] [cache] [req-16438] cache miss for key (latency: 338ms)
2023-11-02 00:29:41 [WARN] [cache] [req-57898] retry attempt exhausted (latency: 228ms)
2023-11-02 00:05:20 [INFO] [cache] [req-55040] service health check OK (latency: 36ms)
2023-11-02 00:11:08 [INFO] [api] [req-46204] retry attempt exhausted (latency: 474ms)
2023-11-02 00:17:14 [INFO] [storage] [req-73060] memory usage high (latency: 224ms)
2023-11-02 00:28:39 [TRACE] [gateway] [req-71690] request processed successfully (latency: 23ms)
2023-11-02 00:08:59 [TRACE] [db] [req-94894] memory usage high (latency: 375ms)
2023-11-02 00:56:48 [ERROR] [api] [req-26660] rate limit hit (latency: 380ms)
2023-11-02 00:57:56 [WARN] [cache] [req-40397] rate limit hit (latency: 160ms)
2023-11-02 00:14:30 [TRACE] [db] [req-50943] config reloaded (latency: 23ms)
2023-11-02 00:44:40 [INFO] [api] [req-28856] failed to parse payload (latency: 345ms)
2023-11-02 00:59:03 [INFO] [api] [req-43001] user session expired (latency: 341ms)
2023-11-02 00:50:04 [INFO] [auth] [req-66847] user session expired (latency: 279ms)
2023-11-02 00:42:33 [DEBUG] [cache] [req-70674] user session expired (latency: 423ms)
2023-11-02 00:22:34 [INFO] [storage] [req-14780] authentication passed (latency: 478ms)
2023-11-02 00:33:12 [TRACE] [gateway] [req-10503] failed to parse payload (latency: 375ms)
2023-11-02 00:16:22 [WARN] [db] [req-80219] authentication passed (latency: 217ms)
2023-11-02 00:45:42 [WARN] [cache] [req-32064] config reloaded (latency: 305ms)
2023-11-02 00:19:35 [INFO] [gateway] [req-28237] retry attempt exhausted (latency: 143ms)
2023-11-02 00:20:57 [TRACE] [db] [req-61543] memory usage high (latency: 481ms)
2023-11-02 00:20:31 [TRACE] [gateway] [req-69990] request processed successfully (latency: 470ms)
2023-11-02 00:17:39 [ERROR] [storage] [req-42431] connection established (latency: 291ms)
2023-11-02 00:30:46 [WARN] [api] [req-15349] authentication passed (latency: 47ms)
2023-11-02 00:40:56 [DEBUG] [storage] [req-58447] retry attempt exhausted (latency: 61ms)
2023-11-02 00:51:57 [DEBUG] [cache] [req-65370] task queue drained (latency: 100ms)
2023-11-02 00:59:52 [TRACE] [api] [req-52564] user session expired (latency: 169ms)
2023-11-02 00:47:51 [DEBUG] [cache] [req-86629] file uploaded (latency: 28ms)
2023-11-02 00:40:11 [ERROR] [db] [req-41821] request processed successfully (latency: 68ms)
2023-11-02 00:04:00 [TRACE] [worker] [req-17912] config reloaded (latency: 444ms)
2023-11-02 00:43:41 [ERROR] [auth] [req-77633] cache miss for key (latency: 277ms)
2023-11-02 00:21:31 [WARN] [worker] [req-23508] task queue drained (latency: 224ms)
2023-11-02 00:33:53 [TRACE] [worker] [req-18570] service health check OK (latency: 154ms)
2023-11-02 00:34:54 [INFO] [api] [req-70991] database query executed (latency: 282ms)
2023-11-02 00:00:39 [DEBUG] [gateway] [req-85838] memory usage high (latency: 16ms)
2023-11-02 00:25:03 [DEBUG] [db] [req-91280] cache miss for key (latency: 14ms)
2023-11-02 00:21:46 [DEBUG] [auth] [req-63687] retry attempt exhausted (latency: 390ms)
2023-11-02 00:04:03 [WARN] [db] [req-14015] connection established (latency: 321ms)
2023-11-02 00:26:40 [INFO] [auth] [req-37730] memory usage high (latency: 257ms)
2023-11-02 00:52:06 [INFO] [db] [req-94063] failed to parse payload (latency: 218ms)
2023-11-02 00:20:33 [TRACE] [db] [req-29578] cache miss for key (latency: 277ms)
2023-11-02 00:55:28 [ERROR] [cache] [req-59987] cache miss for key (latency: 20ms)
2023-11-02 00:58:59 [ERROR] [storage] [req-54958] service health check OK (latency: 474ms)
2023-11-02 00:59:58 [ERROR] [gateway] [req-72711] connection established (latency: 341ms)
2023-11-02 00:39:26 [INFO] [db] [req-46734] service health check OK (latency: 72ms)
2023-11-02 00:31:56 [WARN] [auth] [req-22886] cache miss for key (latency: 259ms)
2023-11-02 00:18:34 [DEBUG] [gateway] [req-73187] cache miss for key (latency: 208ms)
2023-11-02 00:10:12 [DEBUG] [gateway] [req-24806] config reloaded (latency: 6ms)
2023-11-02 00:30:55 [WARN] [auth] [req-21073] connection established (latency: 290ms)
2023-11-02 00:15:57 [WARN] [db] [req-93208] memory usage high (latency: 220ms)
2023-11-02 00:04:09 [DEBUG] [auth] [req-31049] config reloaded (latency: 284ms)
2023-11-02 00:40:26 [DEBUG] [auth] [req-62250] connection established (latency: 478ms)
2023-11-02 00:21:00 [TRACE] [worker] [req-23383] connection established (latency: 274ms)
2023-11-02 00:19:33 [TRACE] [cache] [req-70002] cache miss for key (latency: 7ms)
2023-11-02 00:53:02 [TRACE] [worker] [req-89910] timeout reached, retrying (latency: 102ms)
2023-11-02 00:08:56 [TRACE] [auth] [req-35496] task queue drained (latency: 154ms)
2023-11-02 00:20:00 [INFO] [cache] [req-36527] config reloaded (latency: 58ms)
2023-11-02 00:11:20 [TRACE] [api] [req-61197] authentication passed (latency: 459ms)
2023-11-02 00:19:04 [DEBUG] [api] [req-12810] cache miss for key (latency: 299ms)
2023-11-02 00:24:49 [INFO] [auth] [req-81103] user session expired (latency: 82ms)
2023-11-02 00:02:36 [ERROR] [storage] [req-12028] request processed successfully (latency: 43ms)
2023-11-02 00:28:40 [WARN] [gateway] [req-20714] request processed successfully (latency: 330ms)
2023-11-02 00:43:56 [WARN] [worker] [req-37145] authentication passed (latency: 28ms)
2023-11-02 00:32:16 [ERROR] [worker] [req-42239] user session expired (latency: 224ms)
2023-11-02 00:58:07 [TRACE] [api] [req-52566] user session expired (latency: 284ms)
2023-11-02 00:05:07 [ERROR] [gateway] [req-96783] service health check OK (latency: 79ms)
2023-11-02 00:02:19 [INFO] [cache] [req-24737] database query executed (latency: 465ms)
2023-11-02 00:51:39 [TRACE] [auth] [req-62492] cache miss for key (latency: 400ms)
2023-11-02 00:24:35 [WARN] [storage] [req-59069] file uploaded (latency: 45ms)
2023-11-02 00:34:55 [INFO] [api] [req-60400] database query executed (latency: 59ms)
2023-11-02 00:44:59 [ERROR] [cache] [req-21626] cache miss for key (latency: 59ms)
2023-11-02 00:46:54 [ERROR] [cache] [req-51211] task queue drained (latency: 206ms)
2023-11-02 00:06:57 [TRACE] [api] [req-26351] retry attempt exhausted (latency: 269ms)
2023-11-02 00:13:18 [INFO] [api] [req-41077] cache miss for key (latency: 224ms)
2023-11-02 00:29:48 [WARN] [storage] [req-31676] timeout reached, retrying (latency: 259ms)
2023-11-02 00:28:47 [TRACE] [auth] [req-84510] service health check OK (latency: 88ms)
2023-11-02 00:52:25 [TRACE] [db] [req-15651] retry attempt exhausted (latency: 230ms)
2023-11-02 00:27:59 [WARN] [gateway] [req-57710] config reloaded (latency: 286ms)
2023-11-02 00:45:15 [ERROR] [api] [req-71977] service health check OK (latency: 238ms)
2023-11-02 00:32:15 [ERROR] [auth] [req-32015] failed to parse payload (latency: 183ms)
2023-11-02 00:43:46 [ERROR] [auth] [req-97687] failed to parse payload (latency: 435ms)
2023-11-02 00:22:06 [WARN] [api] [req-76508] failed to parse payload (latency: 295ms)
2023-11-02 00:12:33 [INFO] [cache] [req-99289] task queue drained (latency: 196ms)
2023-11-02 00:14:03 [WARN] [auth] [req-62689] cache miss for key (latency: 115ms)
2023-11-02 00:05:59 [WARN] [storage] [req-56504] retry attempt exhausted (latency: 427ms)
2023-11-02 00:26:51 [TRACE] [db] [req-92037] failed to parse payload (latency: 426ms)
2023-11-02 00:16:28 [DEBUG] [api] [req-43765] memory usage high (latency: 279ms)
2023-11-02 00:17:28 [ERROR] [gateway] [req-91876] database query executed (latency: 183ms)
2023-11-02 00:29:53 [INFO] [gateway] [req-34743] config reloaded (latency: 190ms)
2023-11-02 00:11:55 [TRACE] [cache] [req-79082] service health check OK (latency: 221ms)
2023-11-02 00:25:21 [WARN] [worker] [req-49150] retry attempt exhausted (latency: 424ms)
2023-11-02 00:42:02 [ERROR] [auth] [req-66501] retry attempt exhausted (latency: 85ms)
2023-11-02 00:09:00 [INFO] [gateway] [req-14887] authentication passed (latency: 166ms)
2023-11-02 00:54:24 [ERROR] [gateway] [req-77034] rate limit hit (latency: 198ms)
2023-11-02 00:32:54 [WARN] [cache] [req-46689] config reloaded (latency: 150ms)
2023-11-02 00:39:21 [INFO] [db] [req-40621] database query executed (latency: 493ms)
2023-11-02 00:47:02 [ERROR] [auth] [req-41425] memory usage high (latency: 371ms)
2023-11-02 00:39:09 [WARN] [auth] [req-38195] retry attempt exhausted (latency: 291ms)
2023-11-02 00:01:12 [ERROR] [db] [req-25145] memory usage high (latency: 489ms)
2023-11-02 00:41:50 [TRACE] [db] [req-85578] failed to parse payload (latency: 255ms)
2023-11-02 00:12:22 [ERROR] [api] [req-98805] timeout reached, retrying (latency: 133ms)
2023-11-02 00:59:36 [ERROR] [gateway] [req-20159] authentication passed (latency: 135ms)
2023-11-02 00:09:57 [WARN] [api] [req-62806] retry attempt exhausted (latency: 282ms)
2023-11-02 00:42:45 [INFO] [worker] [req-85516] task queue drained (latency: 339ms)
2023-11-02 00:51:57 [INFO] [api] [req-16572] database query executed (latency: 336ms)
2023-11-02 00:21:22 [ERROR] [auth] [req-33967] user session expired (latency: 173ms)
2023-11-02 00:09:00 [INFO] [api] [req-80628] retry attempt exhausted (latency: 442ms)
2023-11-02 00:13:33 [INFO] [auth] [req-19037] request processed successfully (latency: 166ms)
2023-11-02 00:04:37 [TRACE] [auth] [req-19612] task queue drained (latency: 18ms)
2023-11-02 00:57:06 [WARN] [worker] [req-80460] task queue drained (latency: 492ms)
2023-11-02 00:41:54 [ERROR] [worker] [req-15983] failed to parse payload (latency: 171ms)
2023-11-02 00:57:55 [WARN] [gateway] [req-60563] authentication passed (latency: 196ms)
2023-11-02 00:04:29 [INFO] [api] [req-95684] service health check OK (latency: 138ms)
2023-11-02 00:10:14 [DEBUG] [storage] [req-29840] task queue drained (latency: 112ms)
2023-11-02 00:04:55 [ERROR] [cache] [req-10056] connection established (latency: 28ms)
2023-11-02 00:50:10 [TRACE] [gateway] [req-37933] request processed successfully (latency: 294ms)
2023-11-02 00:55:28 [WARN] [auth] [req-76495] task queue drained (latency: 378ms)
2023-11-02 00:39:53 [WARN] [db] [req-66922] retry attempt exhausted (latency: 454ms)
2023-11-02 00:39:48 [INFO] [db] [req-32730] connection established (latency: 190ms)
2023-11-02 00:48:35 [TRACE] [worker] [req-55124] user session expired (latency: 81ms)
2023-11-02 00:44:15 [ERROR] [cache] [req-17884] database query executed (latency: 8ms)
2023-11-02 00:39:02 [TRACE] [cache] [req-12485] database query executed (latency: 334ms)
2023-11-02 00:52:05 [DEBUG] [cache] [req-29162] file uploaded (latency: 372ms)
2023-11-02 00:33:29 [TRACE] [api] [req-66166] memory usage high (latency: 174ms)
2023-11-02 00:33:22 [TRACE] [worker] [req-29728] database query executed (latency: 76ms)
2023-11-02 00:48:49 [ERROR] [storage] [req-98691] file uploaded (latency: 447ms)
2023-11-02 00:59:45 [TRACE] [auth] [req-64791] request processed successfully (latency: 368ms)
2023-11-02 00:04:17 [WARN] [gateway] [req-18892] config reloaded (latency: 212ms)
2023-11-02 00:33:00 [DEBUG] [db] [req-14689] timeout reached, retrying (latency: 486ms)
2023-11-02 00:03:43 [WARN] [auth] [req-74769] connection established (latency: 236ms)
2023-11-02 00:18:00 [DEBUG] [db] [req-34422] authentication passed (latency: 411ms)
2023-11-02 00:47:38 [WARN] [auth] [req-65993] request processed successfully (latency: 363ms)
2023-11-02 00:43:32 [TRACE] [cache] [req-73014] timeout reached, retrying (latency: 156ms)
2023-11-02 00:42:19 [INFO] [worker] [req-72099] connection established (latency: 473ms)
2023-11-02 00:16:03 [INFO] [storage] [req-23134] rate limit hit (latency: 497ms)
2023-11-02 00:19:00 [INFO] [gateway] [req-71218] cache miss for key (latency: 349ms)
2023-11-02 00:31:35 [WARN] [auth] [req-85935] rate limit hit (latency: 58ms)
2023-11-02 00:43:10 [DEBUG] [gateway] [req-14874] config reloaded (latency: 35ms)
2023-11-02 00:54:48 [ERROR] [db] [req-20856] task queue drained (latency: 264ms)
2023-11-02 00:16:10 [ERROR] [api] [req-85981] cache miss for key (latency: 217ms)
2023-11-02 00:08:59 [INFO] [cache] [req-22418] authentication passed (latency: 37ms)
2023-11-02 00:29:04 [DEBUG] [worker] [req-31340] connection established (latency: 432ms)
2023-11-02 00:11:29 [ERROR] [cache] [req-57961] user session expired (latency: 316ms)
2023-11-02 00:21:54 [TRACE] [cache] [req-23175] rate limit hit (latency: 204ms)
2023-11-02 00:24:47 [DEBUG] [storage] [req-11930] authentication passed (latency: 93ms)
2023-11-02 00:17:39 [WARN] [api] [req-58749] rate limit hit (latency: 432ms)
2023-11-02 00:23:31 [DEBUG] [gateway] [req-54645] task queue drained (latency: 335ms)
2023-11-02 00:36:00 [INFO] [cache] [req-32271] timeout reached, retrying (latency: 225ms)
2023-11-02 00:32:41 [INFO] [cache] [req-76142] cache miss for key (latency: 486ms)
2023-11-02 00:48:15 [ERROR] [cache] [req-34135] failed to parse payload (latency: 361ms)
2023-11-02 00:31:54 [ERROR] [cache] [req-11713] failed to parse payload (latency: 353ms)
2023-11-02 00:44:27 [TRACE] [api] [req-53406] memory usage high (latency: 263ms)
2023-11-02 00:02:39 [ERROR] [worker] [req-56928] retry attempt exhausted (latency: 296ms)
2023-11-02 00:04:45 [TRACE] [cache] [req-28257] file uploaded (latency: 473ms)
2023-11-02 00:56:31 [WARN] [api] [req-17425] cache miss for key (latency: 50ms)
2023-11-02 00:49:37 [DEBUG] [worker] [req-93580] retry attempt exhausted (latency: 393ms)
2023-11-02 00:41:23 [ERROR] [worker] [req-57368] authentication passed (latency: 329ms)
2023-11-02 00:20:08 [DEBUG] [auth] [req-60150] rate limit hit (latency: 450ms)
2023-11-02 00:11:51 [DEBUG] [auth] [req-48375] rate limit hit (latency: 372ms)
2023-11-02 00:08:39 [DEBUG] [db] [req-73098] authentication passed (latency: 170ms)
2023-11-02 00:58:55 [INFO] [db] [req-73306] rate limit hit (latency: 401ms)
2023-11-02 00:59:17 [WARN] [auth] [req-96436] config reloaded (latency: 126ms)
2023-11-02 00:10:04 [DEBUG] [db] [req-45727] cache miss for key (latency: 158ms)
2023-11-02 00:30:36 [ERROR] [worker] [req-65971] cache miss for key (latency: 260ms)
2023-11-02 00:50:01 [ERROR] [worker] [req-10329] request processed successfully (latency: 423ms)
2023-11-02 00:11:25 [ERROR] [worker] [req-83675] connection established (latency: 395ms)
2023-11-02 00:30:58 [TRACE] [worker] [req-69001] user session expired (latency: 59ms)
2023-11-02 00:09:37 [DEBUG] [auth] [req-97753] connection established (latency: 498ms)
2023-11-02 00:47:05 [TRACE] [storage] [req-21206] config reloaded (latency: 302ms)
2023-11-02 00:54:11 [INFO] [gateway] [req-73515] user session expired (latency: 464ms)
2023-11-02 00:20:43 [ERROR] [storage] [req-88259] service health check OK (latency: 390ms)
2023-11-02 00:40:23 [ERROR] [cache] [req-81695] task queue drained (latency: 18ms)
2023-11-02 00:42:18 [INFO] [api] [req-45789] task queue drained (latency: 203ms)
2023-11-02 00:05:34 [ERROR] [api] [req-88994] failed to parse payload (latency: 297ms)
2023-11-02 00:32:00 [ERROR] [db] [req-75465] connection established (latency: 398ms)
2023-11-02 00:56:10 [DEBUG] [auth] [req-45566] cache miss for key (latency: 231ms)
2023-11-02 00:11:12 [DEBUG] [gateway] [req-53838] database query executed (latency: 75ms)
2023-11-02 00:37:54 [INFO] [db] [req-67021] memory usage high (latency: 129ms)
2023-11-02 00:58:16 [TRACE] [cache] [req-53941] rate limit hit (latency: 195ms)
2023-11-02 00:37:10 [DEBUG] [worker] [req-29375] database query executed (latency: 239ms)
2023-11-02 00:12:13 [DEBUG] [auth] [req-22977] rate limit hit (latency: 338ms)
2023-11-02 00:30:31 [TRACE] [storage] [req-13850] connection established (latency: 247ms)
2023-11-02 00:07:34 [WARN] [api] [req-73962] request processed successfully (latency: 110ms)
2023-11-02 00:18:18 [WARN] [cache] [req-51025] authentication passed (latency: 341ms)
2023-11-02 00:43:10 [ERROR] [gateway] [req-96704] cache miss for key (latency: 71ms)
2023-11-02 00:19:53 [TRACE] [storage] [req-80259] rate limit hit (latency: 242ms)
2023-11-02 00:01:55 [ERROR] [db] [req-84706] rate limit hit (latency: 334ms)
2023-11-02 00:53:42 [ERROR] [storage] [req-85292] rate limit hit (latency: 487ms)
2023-11-02 00:51:08 [WARN] [auth] [req-88391] connection established (latency: 2ms)
2023-11-02 00:04:31 [DEBUG] [worker] [req-88739] memory usage high (latency: 201ms)
2023-11-02 00:55:20 [DEBUG] [auth] [req-17541] timeout reached, retrying (latency: 128ms)
2023-11-02 00:59:58 [DEBUG] [gateway] [req-55789] request processed successfully (latency: 230ms)
2023-11-02 00:25:16 [DEBUG] [cache] [req-15372] cache miss for key (latency: 395ms)
2023-11-02 00:12:58 [WARN] [gateway] [req-84445] timeout reached, retrying (latency: 244ms)
2023-11-02 00:16:05 [WARN] [gateway] [req-36624] cache miss for key (latency: 154ms)
2023-11-02 00:26:53 [WARN] [worker] [req-50609] memory usage high (latency: 44ms)
2023-11-02 00:29:23 [TRACE] [auth] [req-17390] retry attempt exhausted (latency: 356ms)
2023-11-02 00:11:56 [TRACE] [worker] [req-81584] retry attempt exhausted (latency: 347ms)
2023-11-02 00:53:20 [INFO] [storage] [req-50845] task queue drained (latency: 390ms)
2023-11-02 00:17:51 [INFO] [db] [req-32714] user session expired (latency: 64ms)
2023-11-02 00:35:18 [DEBUG] [gateway] [req-39981] request processed successfully (latency: 265ms)
2023-11-02 00:25:36 [TRACE] [auth] [req-75728] failed to parse payload (latency: 425ms)
2023-11-02 00:13:40 [INFO] [db] [req-31393] rate limit hit (latency: 349ms)
2023-11-02 00:44:08 [WARN] [api] [req-30505] task queue drained (latency: 337ms)
2023-11-02 00:11:05 [WARN] [db] [req-63501] authentication passed (latency: 114ms)
2023-11-02 00:15:02 [DEBUG] [db] [req-28406] failed to parse payload (latency: 151ms)
2023-11-02 00:51:58 [TRACE] [worker] [req-48796] database query executed (latency: 54ms)
2023-11-02 00:44:24 [TRACE] [cache] [req-45493] user session expired (latency: 130ms)
2023-11-02 00:02:55 [WARN] [api] [req-29932] cache miss for key (latency: 198ms)
2023-11-02 00:09:02 [TRACE] [api] [req-62274] database query executed (latency: 116ms)
2023-11-02 00:11:16 [INFO] [api] [req-19446] connection established (latency: 439ms)
2023-11-02 00:50:33 [WARN] [auth] [req-68409] timeout reached, retrying (latency: 382ms)
2023-11-02 00:16:04 [DEBUG] [api] [req-81011] config reloaded (latency: 272ms)
2023-11-02 00:44:30 [TRACE] [db] [req-23360] cache miss for key (latency: 242ms)
2023-11-02 00:57:55 [WARN] [auth] [req-64503] user session expired (latency: 306ms)
2023-11-02 00:04:22 [ERROR] [db] [req-21032] cache miss for key (latency: 432ms)
2023-11-02 00:29:57 [WARN] [api] [req-72683] service health check OK (latency: 336ms)
2023-11-02 00:49:09 [TRACE] [worker] [req-67340] retry attempt exhausted (latency: 242ms)
2023-11-02 00:54:12 [TRACE] [storage] [req-13178] user session expired (latency: 14ms)
2023-11-02 00:31:55 [INFO] [storage] [req-70759] task queue drained (latency: 288ms)
2023-11-02 00:31:00 [ERROR] [db] [req-68522] cache miss for key (latency: 151ms)
2023-11-02 00:25:40 [INFO] [cache] [req-64497] memory usage high (latency: 60ms)
2023-11-02 00:22:13 [TRACE] [gateway] [req-65153] memory usage high (latency: 406ms)
2023-11-02 00:07:12 [TRACE] [gateway] [req-43152] failed to parse payload (latency: 71ms)
2023-11-02 00:56:02 [DEBUG] [gateway] [req-34440] failed to parse payload (latency: 497ms)
2023-11-02 00:08:19 [TRACE] [db] [req-75628] timeout reached, retrying (latency: 491ms)
2023-11-02 00:40:00 [TRACE] [cache] [req-13635] request processed successfully (latency: 79ms)
2023-11-02 00:08:46 [WARN] [gateway] [req-50677] cache miss for key (latency: 454ms)
2023-11-02 00:05:17 [INFO] [storage] [req-64891] task queue drained (latency: 78ms)
2023-11-02 00:13:17 [TRACE] [cache] [req-85303] service health check OK (latency: 447ms)
2023-11-02 00:06:15 [ERROR] [worker] [req-42986] memory usage high (latency: 48ms)
2023-11-02 00:36:40 [WARN] [api] [req-73871] user session expired (latency: 67ms)
2023-11-02 00:37:55 [WARN] [api] [req-35007] database query executed (latency: 113ms)
2023-11-02 00:35:30 [DEBUG] [api] [req-35479] task queue drained (latency: 329ms)
2023-11-02 00:32:39 [TRACE] [auth] [req-57856] retry attempt exhausted (latency: 408ms)
2023-11-02 00:16:26 [DEBUG] [auth] [req-21075] user session expired (latency: 366ms)
2023-11-02 00:37:33 [TRACE] [storage] [req-44708] request processed successfully (latency: 204ms)
2023-11-02 00:59:24 [TRACE] [worker] [req-52721] user session expired (latency: 497ms)
2023-11-02 00:01:22 [TRACE] [gateway] [req-94443] database query executed (latency: 91ms)
2023-11-02 00:17:31 [TRACE] [worker] [req-73913] timeout reached, retrying (latency: 17ms)
2023-11-02 00:00:06 [DEBUG] [api] [req-53096] rate limit hit (latency: 442ms)
2023-11-02 00:12:12 [ERROR] [storage] [req-62500] retry attempt exhausted (latency: 102ms)
2023-11-02 00:39:11 [WARN] [storage] [req-87007] user session expired (latency: 282ms)
2023-11-02 00:18:44 [WARN] [storage] [req-52344] failed to parse payload (latency: 109ms)
2023-11-02 00:58:36 [INFO] [cache] [req-25490] file uploaded (latency: 157ms)
2023-11-02 00:24:05 [DEBUG] [auth] [req-96157] memory usage high (latency: 28ms)
2023-11-02 00:12:19 [ERROR] [auth] [req-49196] config reloaded (latency: 409ms)
2023-11-02 00:47:29 [DEBUG] [worker] [req-79598] database query executed (latency: 197ms)
2023-11-02 00:51:25 [DEBUG] [storage] [req-51664] failed to parse payload (latency: 426ms)
2023-11-02 00:28:13 [INFO] [auth] [req-15516] rate limit hit (latency: 400ms)
2023-11-02 00:14:37 [WARN] [gateway] [req-17898] cache miss for key (latency: 143ms)
2023-11-02 00:06:13 [DEBUG] [api] [req-16898] memory usage high (latency: 381ms)
2023-11-02 00:58:59 [WARN] [cache] [req-13411] database query executed (latency: 299ms)
2023-11-02 00:25:27 [INFO] [worker] [req-38902] request processed successfully (latency: 339ms)
2023-11-02 00:02:01 [INFO] [gateway] [req-13611] cache miss for key (latency: 120ms)
2023-11-02 00:37:18 [TRACE] [worker] [req-92919] rate limit hit (latency: 19ms)
2023-11-02 00:42:14 [DEBUG] [gateway] [req-35411] connection established (latency: 475ms)
2023-11-02 00:05:17 [WARN] [cache] [req-53831] rate limit hit (latency: 107ms)
2023-11-02 00:36:59 [INFO] [storage] [req-28483] service health check OK (latency: 201ms)
2023-11-02 00:48:28 [WARN] [db] [req-20717] failed to parse payload (latency: 486ms)
2023-11-02 00:03:02 [ERROR] [gateway] [req-74231] connection established (latency: 391ms)
2023-11-02 00:52:05 [ERROR] [auth] [req-20294] file uploaded (latency: 338ms)
2023-11-02 00:39:51 [TRACE] [api] [req-19645] rate limit hit (latency: 242ms)
2023-11-02 00:30:18 [WARN] [gateway] [req-99077] memory usage high (latency: 155ms)
2023-11-02 00:21:24 [TRACE] [cache] [req-28745] file uploaded (latency: 389ms)
2023-11-02 00:29:59 [WARN] [gateway] [req-10940] rate limit hit (latency: 277ms)
2023-11-02 00:46:38 [INFO] [storage] [req-79378] failed to parse payload (latency: 196ms)
2023-11-02 00:25:10 [WARN] [db] [req-72968] failed to parse payload (latency: 382ms)
2023-11-02 00:40:40 [ERROR] [auth] [req-16241] timeout reached, retrying (latency: 260ms)
2023-11-02 00:34:06 [WARN] [gateway] [req-41423] cache miss for key (latency: 375ms)
2023-11-02 00:42:06 [DEBUG] [auth] [req-77088] failed to parse payload (latency: 91ms)
2023-11-02 00:17:37 [INFO] [storage] [req-40105] user session expired (latency: 36ms)
2023-11-02 00:57:21 [INFO] [db] [req-93388] failed to parse payload (latency: 183ms)
2023-11-02 00:01:15 [INFO] [gateway] [req-16881] file uploaded (latency: 435ms)
2023-11-02 00:14:04 [INFO] [auth] [req-24179] user session expired (latency: 127ms)
2023-11-02 00:34:04 [DEBUG] [worker] [req-83039] memory usage high (latency: 258ms)
2023-11-02 00:09:45 [ERROR] [cache] [req-93477] retry attempt exhausted (latency: 476ms)
2023-11-02 00:45:23 [DEBUG] [storage] [req-49104] retry attempt exhausted (latency: 76ms)
2023-11-02 00:07:18 [INFO] [storage] [req-27163] database query executed (latency: 70ms)
2023-11-02 00:18:42 [TRACE] [worker] [req-11874] memory usage high (latency: 418ms)
2023-11-02 00:25:28 [ERROR] [auth] [req-11471] authentication passed (latency: 304ms)
2023-11-02 00:34:06 [DEBUG] [api] [req-11103] connection established (latency: 68ms)
2023-11-02 00:13:50 [ERROR] [storage] [req-60005] database query executed (latency: 240ms)
2023-11-02 00:37:37 [DEBUG] [db] [req-54649] retry attempt exhausted (latency: 204ms)
2023-11-02 00:53:52 [WARN] [api] [req-22040] retry attempt exhausted (latency: 379ms)
2023-11-02 00:53:38 [DEBUG] [gateway] [req-62643] rate limit hit (latency: 315ms)
2023-11-02 00:13:03 [TRACE] [auth] [req-24396] database query executed (latency: 454ms)
2023-11-02 00:54:51 [TRACE] [auth] [req-50768] connection established (latency: 470ms)
2023-11-02 00:07:20 [WARN] [storage] [req-98340] database query executed (latency: 89ms)
2023-11-02 00:10:48 [WARN] [cache] [req-34259] request processed successfully (latency: 91ms)
2023-11-02 00:31:15 [TRACE] [api] [req-86585] user session expired (latency: 179ms)
2023-11-02 00:29:40 [DEBUG] [worker] [req-46439] user session expired (latency: 495ms)
2023-11-02 00:32:34 [INFO] [api] [req-22849] cache miss for key (latency: 109ms)
2023-11-02 00:44:59 [ERROR] [auth] [req-94312] config reloaded (latency: 270ms)
2023-11-02 00:03:02 [ERROR] [gateway] [req-72823] timeout reached, retrying (latency: 386ms)
2023-11-02 00:34:50 [TRACE] [api] [req-64321] rate limit hit (latency: 38ms)
2023-11-02 00:20:06 [ERROR] [gateway] [req-73844] file uploaded (latency: 117ms)
2023-11-02 00:19:24 [TRACE] [storage] [req-81780] file uploaded (latency: 329ms)
2023-11-02 00:31:43 [INFO] [worker] [req-22737] retry attempt exhausted (latency: 218ms)
2023-11-02 00:09:59 [INFO] [auth] [req-91853] request processed successfully (latency: 226ms)
2023-11-02 00:39:37 [WARN] [db] [req-27126] retry attempt exhausted (latency: 381ms)
2023-11-02 00:45:35 [ERROR] [api] [req-71930] cache miss for key (latency: 100ms)
2023-11-02 00:15:36 [TRACE] [db] [req-42468] memory usage high (latency: 144ms)
2023-11-02 00:24:54 [DEBUG] [auth] [req-69720] task queue drained (latency: 394ms)
2023-11-02 00:34:54 [DEBUG] [gateway] [req-67564] file uploaded (latency: 218ms)
2023-11-02 00:59:28 [INFO] [db] [req-36856] retry attempt exhausted (latency: 336ms)
2023-11-02 00:02:08 [ERROR] [worker] [req-74266] retry attempt exhausted (latency: 395ms)
2023-11-02 00:59:27 [ERROR] [api] [req-65989] connection established (latency: 93ms)
2023-11-02 00:49:55 [WARN] [worker] [req-34822] service health check OK (latency: 435ms)
2023-11-02 00:40:20 [DEBUG] [cache] [req-12822] connection established (latency: 190ms)
2023-11-02 00:56:09 [ERROR] [worker] [req-85576] retry attempt exhausted (latency: 360ms)
2023-11-02 00:31:11 [WARN] [api] [req-22972] task queue drained (latency: 474ms)
2023-11-02 00:39:02 [TRACE] [api] [req-34864] connection established (latency: 115ms)
2023-11-02 00:04:38 [TRACE] [storage] [req-43253] authentication passed (latency: 321ms)
2023-11-02 00:52:18 [ERROR] [worker] [req-57608] config reloaded (latency: 134ms)
2023-11-02 00:03:20 [ERROR] [gateway] [req-25311] request processed successfully (latency: 129ms)
2023-11-02 00:36:48 [WARN] [db] [req-32039] database query executed (latency: 296ms)
2023-11-02 00:42:45 [TRACE] [auth] [req-52964] user session expired (latency: 412ms)
2023-11-02 00:01:08 [INFO] [api] [req-90600] rate limit hit (latency: 299ms)
2023-11-02 00:44:33 [TRACE] [worker] [req-35572] cache miss for key (latency: 119ms)
2023-11-02 00:58:50 [WARN] [worker] [req-52887] request processed successfully (latency: 100ms)
2023-11-02 00:50:56 [WARN] [worker] [req-14658] memory usage high (latency: 331ms)
2023-11-02 00:11:19 [INFO] [api] [req-99109] file uploaded (latency: 445ms)
2023-11-02 00:41:33 [WARN] [api] [req-95766] authentication passed (latency: 61ms)
2023-11-02 00:58:07 [WARN] [gateway] [req-71980] memory usage high (latency: 437ms)
2023-11-02 00:00:37 [ERROR] [auth] [req-77421] config reloaded (latency: 437ms)
2023-11-02 00:34:29 [DEBUG] [worker] [req-73106] cache miss for key (latency: 162ms)
2023-11-02 00:40:22 [TRACE] [db] [req-85425] config reloaded (latency: 419ms)
2023-11-02 00:35:11 [DEBUG] [storage] [req-32420] authentication passed (latency: 246ms)
2023-11-02 00:28:44 [WARN] [db] [req-68479] retry attempt exhausted (latency: 69ms)
2023-11-02 00:19:11 [WARN] [storage] [req-17791] cache miss for key (latency: 380ms)
2023-11-02 00:29:44 [ERROR] [cache] [req-32941] user session expired (latency: 333ms)
2023-11-02 00:36:01 [TRACE] [cache] [req-37353] failed to parse payload (latency: 371ms)
2023-11-02 00:46:37 [DEBUG] [cache] [req-73013] file uploaded (latency: 449ms)
2023-11-02 00:27:02 [ERROR] [db] [req-87513] authentication passed (latency: 372ms)
2023-11-02 00:49:56 [INFO] [cache] [req-56612] request processed successfully (latency: 58ms)
2023-11-02 00:36:13 [TRACE] [worker] [req-42403] task queue drained (latency: 259ms)
2023-11-02 00:14:28 [WARN] [storage] [req-61158] database query executed (latency: 404ms)
2023-11-02 00:13:39 [INFO] [api] [req-31924] rate limit hit (latency: 436ms)
2023-11-02 00:05:58 [TRACE] [auth] [req-43438] service health check OK (latency: 237ms)
2023-11-02 00:05:22 [ERROR] [auth] [req-43596] timeout reached, retrying (latency: 48ms)
2023-11-02 00:25:52 [WARN] [api] [req-94377] authentication passed (latency: 182ms)
2023-11-02 00:52:42 [WARN] [db] [req-44801] retry attempt exhausted (latency: 457ms)
2023-11-02 00:41:18 [TRACE] [auth] [req-56988] task queue drained (latency: 63ms)
2023-11-02 00:50:12 [WARN] [cache] [req-35068] failed to parse payload (latency: 387ms)
2023-11-02 00:58:02 [INFO] [api] [req-55163] user session expired (latency: 418ms)
2023-11-02 00:43:48 [INFO] [api] [req-90426] rate limit hit (latency: 326ms)
2023-11-02 00:48:33 [WARN] [db] [req-47299] authentication passed (latency: 178ms)
2023-11-02 00:50:14 [WARN] [cache] [req-38509] authentication passed (latency: 141ms)
2023-11-02 00:50:24 [ERROR] [api] [req-10642] service health check OK (latency: 39ms)
2023-11-02 00:44:28 [WARN] [db] [req-36723] database query executed (latency: 103ms)
2023-11-02 00:30:20 [TRACE] [gateway] [req-80291] authentication passed (latency: 241ms)
2023-11-02 00:40:30 [DEBUG] [cache] [req-80951] retry attempt exhausted (latency: 120ms)
2023-11-02 00:24:41 [INFO] [storage] [req-25368] task queue drained (latency: 461ms)
2023-11-02 00:45:25 [ERROR] [gateway] [req-93072] authentication passed (latency: 416ms)
2023-11-02 00:21:08 [WARN] [auth] [req-24180] service health check OK (latency: 182ms)
2023-11-02 00:51:13 [WARN] [worker] [req-55911] task queue drained (latency: 352ms)
2023-11-02 00:33:31 [WARN] [worker] [req-69664] request processed successfully (latency: 486ms)
2023-11-02 00:43:50 [DEBUG] [gateway] [req-57536] retry attempt exhausted (latency: 267ms)
2023-11-02 00:30:39 [INFO] [cache] [req-94397] service health check OK (latency: 297ms)
2023-11-02 00:46:50 [TRACE] [gateway] [req-45860] failed to parse payload (latency: 17ms)
2023-11-02 00:00:39 [WARN] [db] [req-99764] failed to parse payload (latency: 382ms)
2023-11-02 00:25:26 [INFO] [storage] [req-82605] failed to parse payload (latency: 285ms)
2023-11-02 00:43:03 [ERROR] [cache] [req-63895] file uploaded (latency: 9ms)
2023-11-02 00:42:47 [INFO] [worker] [req-34337] cache miss for key (latency: 200ms)
2023-11-02 00:50:15 [ERROR] [worker] [req-39450] rate limit hit (latency: 211ms)
2023-11-02 00:23:28 [ERROR] [db] [req-57446] task queue drained (latency: 266ms)
2023-11-02 00:09:22 [ERROR] [auth] [req-16956] file uploaded (latency: 357ms)
2023-11-02 00:45:41 [INFO] [api] [req-63211] database query executed (latency: 490ms)
2023-11-02 00:19:13 [ERROR] [auth] [req-98544] service health check OK (latency: 422ms)
2023-11-02 00:51:10 [TRACE] [worker] [req-68096] config reloaded (latency: 266ms)
2023-11-02 00:13:10 [TRACE] [cache] [req-36990] task queue drained (latency: 79ms)
2023-11-02 00:02:26 [ERROR] [auth] [req-89814] user session expired (latency: 9ms)
2023-11-02 00:48:10 [WARN] [api] [req-82531] service health check OK (latency: 37ms)
2023-11-02 00:17:55 [DEBUG] [storage] [req-24898] task queue drained (latency: 325ms)
2023-11-02 00:11:54 [WARN] [cache] [req-95902] rate limit hit (latency: 116ms)
2023-11-02 00:42:43 [ERROR] [db] [req-78200] rate limit hit (latency: 357ms)
2023-11-02 00:44:43 [INFO] [gateway] [req-24750] service health check OK (latency: 432ms)
2023-11-02 00:22:14 [INFO] [storage] [req-42010] file uploaded (latency: 449ms)
2023-11-02 00:02:09 [TRACE] [db] [req-67412] memory usage high (latency: 411ms)
2023-11-02 00:27:39 [DEBUG] [gateway] [req-81093] config reloaded (latency: 392ms)
2023-11-02 00:05:13 [INFO] [gateway] [req-62442] cache miss for key (latency: 94ms)
2023-11-02 00:52:08 [WARN] [auth] [req-77566] retry attempt exhausted (latency: 311ms)
2023-11-02 00:24:18 [WARN] [api] [req-31667] task queue drained (latency: 410ms)
2023-11-02 00:31:40 [DEBUG] [api] [req-35736] task queue drained (latency: 472ms)
2023-11-02 00:43:11 [ERROR] [storage] [req-38657] file uploaded (latency: 61ms)
2023-11-02 00:01:04 [WARN] [auth] [req-45121] cache miss for key (latency: 348ms)
2023-11-02 00:30:54 [ERROR] [storage] [req-44168] request processed successfully (latency: 210ms)
2023-11-02 00:13:59 [INFO] [gateway] [req-18456] timeout reached, retrying (latency: 190ms)
2023-11-02 00:06:51 [WARN] [cache] [req-11638] task queue drained (latency: 173ms)
2023-11-02 00:01:09 [WARN] [api] [req-32409] memory usage high (latency: 210ms)
2023-11-02 00:00:34 [DEBUG] [worker] [req-28155] config reloaded (latency: 454ms)
2023-11-02 00:28:03 [INFO] [api] [req-16457] request processed successfully (latency: 16ms)
2023-11-02 00:25:32 [WARN] [gateway] [req-53803] file uploaded (latency: 438ms)
2023-11-02 00:21:16 [DEBUG] [worker] [req-77245] request processed successfully (latency: 82ms)
2023-11-02 00:20:49 [TRACE] [gateway] [req-94420] task queue drained (latency: 478ms)
2023-11-02 00:49:42 [WARN] [db] [req-35947] file uploaded (latency: 204ms)
2023-11-02 00:26:04 [DEBUG] [auth] [req-61454] connection established (latency: 289ms)
2023-11-02 00:44:30 [WARN] [db] [req-72001] config reloaded (latency: 230ms)
2023-11-02 00:41:24 [TRACE] [api] [req-19145] service health check OK (latency: 491ms)
2023-11-02 00:25:29 [WARN] [gateway] [req-37935] cache miss for key (latency: 485ms)
2023-11-02 00:25:12 [ERROR] [api] [req-50047] request processed successfully (latency: 210ms)
2023-11-02 00:52:09 [INFO] [gateway] [req-97441] task queue drained (latency: 120ms)
2023-11-02 00:06:42 [ERROR] [gateway] [req-25964] memory usage high (latency: 366ms)
2023-11-02 00:19:18 [WARN] [api] [req-68636] connection established (latency: 390ms)
2023-11-02 00:27:21 [DEBUG] [db] [req-25288] file uploaded (latency: 82ms)
2023-11-02 00:05:10 [INFO] [storage] [req-81954] user session expired (latency: 443ms)
2023-11-02 00:36:18 [DEBUG] [gateway] [req-68313] task queue drained (latency: 99ms)
2023-11-02 00:12:31 [DEBUG] [cache] [req-56488] service health check OK (latency: 433ms)
2023-11-02 00:00:18 [WARN] [db] [req-12901] service health check OK (latency: 473ms)
2023-11-02 00:25:13 [DEBUG] [gateway] [req-67042] request processed successfully (latency: 367ms)
2023-11-02 00:48:35 [DEBUG] [gateway] [req-43990] task queue drained (latency: 382ms)
2023-11-02 00:52:01 [WARN] [storage] [req-69075] retry attempt exhausted (latency: 113ms)
2023-11-02 00:07:58 [TRACE] [worker] [req-26212] database query executed (latency: 176ms)
2023-11-02 00:20:25 [INFO] [cache] [req-18096] service health check OK (latency: 229ms)
2023-11-02 00:28:22 [ERROR] [db] [req-81325] retry attempt exhausted (latency: 464ms)
2023-11-02 00:47:40 [DEBUG] [gateway] [req-55686] memory usage high (latency: 306ms)
2023-11-02 00:43:26 [INFO] [storage] [req-28752] database query executed (latency: 121ms)
2023-11-02 00:59:41 [ERROR] [db] [req-60625] database query executed (latency: 356ms)
2023-11-02 00:40:43 [DEBUG] [api] [req-29489] request processed successfully (latency: 178ms)
2023-11-02 00:49:12 [DEBUG] [api] [req-74190] service health check OK (latency: 332ms)
2023-11-02 00:56:37 [WARN] [worker] [req-65435] failed to parse payload (latency: 203ms)
2023-11-02 00:03:21 [DEBUG] [api] [req-62669] cache miss for key (latency: 315ms)
2023-11-02 00:03:55 [ERROR] [worker] [req-34541] connection established (latency: 101ms)
2023-11-02 00:26:24 [DEBUG] [auth] [req-76855] cache miss for key (latency: 423ms)
2023-11-02 00:06:53 [WARN] [auth] [req-57800] failed to parse payload (latency: 330ms)
2023-11-02 00:11:18 [ERROR] [db] [req-98121] connection established (latency: 40ms)
2023-11-02 00:54:15 [TRACE] [db] [req-28465] file uploaded (latency: 42ms)
2023-11-02 00:21:37 [TRACE] [api] [req-18369] rate limit hit (latency: 44ms)
2023-11-02 00:05:10 [WARN] [cache] [req-34684] retry attempt exhausted (latency: 191ms)
2023-11-02 00:36:42 [INFO] [auth] [req-39512] authentication passed (latency: 492ms)
2023-11-02 00:50:21 [ERROR] [storage] [req-75364] rate limit hit (latency: 165ms)
2023-11-02 00:37:23 [ERROR] [db] [req-54693] database query executed (latency: 374ms)
2023-11-02 00:38:13 [INFO] [worker] [req-60293] connection established (latency: 72ms)
2023-11-02 00:26:09 [DEBUG] [gateway] [req-78980] connection established (latency: 454ms)
2023-11-02 00:47:29 [INFO] [storage] [req-31704] file uploaded (latency: 71ms)
2023-11-02 00:45:21 [DEBUG] [gateway] [req-82289] file uploaded (latency: 399ms)
2023-11-02 00:06:49 [WARN] [db] [req-34389] retry attempt exhausted (latency: 56ms)
2023-11-02 00:56:24 [WARN] [storage] [req-74285] user session expired (latency: 293ms)
2023-11-02 00:28:11 [DEBUG] [gateway] [req-85543] cache miss for key (latency: 284ms)
2023-11-02 00:21:41 [WARN] [db] [req-95119] failed to parse payload (latency: 256ms)
2023-11-02 00:36:48 [ERROR] [gateway] [req-60792] memory usage high (latency: 441ms)
2023-11-02 00:59:56 [TRACE] [cache] [req-95148] rate limit hit (latency: 251ms)
2023-11-02 00:12:08 [TRACE] [cache] [req-64787] service health check OK (latency: 109ms)
2023-11-02 00:09:40 [INFO] [worker] [req-77677] rate limit hit (latency: 115ms)
2023-11-02 00:56:50 [DEBUG] [worker] [req-66041] user session expired (latency: 387ms)
2023-11-02 00:10:41 [DEBUG] [api] [req-63392] failed to parse payload (latency: 297ms)
2023-11-02 00:38:47 [TRACE] [auth] [req-90283] task queue drained (latency: 339ms)
2023-11-02 00:58:30 [ERROR] [storage] [req-90160] memory usage high (latency: 29ms)
2023-11-02 00:09:27 [WARN] [auth] [req-90392] authentication passed (latency: 18ms)
2023-11-02 00:55:20 [ERROR] [auth] [req-71017] file uploaded (latency: 225ms)
2023-11-02 00:24:53 [INFO] [gateway] [req-90934] cache miss for key (latency: 462ms)
2023-11-02 00:34:52 [TRACE] [worker] [req-16316] failed to parse payload (latency: 108ms)
2023-11-02 00:32:33 [ERROR] [worker] [req-77642] database query executed (latency: 330ms)
2023-11-02 00:43:24 [DEBUG] [db] [req-52865] timeout reached, retrying (latency: 13ms)
2023-11-02 00:52:32 [TRACE] [db] [req-91918] config reloaded (latency: 443ms)
2023-11-02 00:53:42 [INFO] [api] [req-21628] rate limit hit (latency: 26ms)
2023-11-02 00:08:55 [DEBUG] [storage] [req-37449] database query executed (latency: 212ms)
2023-11-02 00:14:52 [INFO] [gateway] [req-90243] config reloaded (latency: 1ms)
2023-11-02 00:57:50 [INFO] [gateway] [req-43495] failed to parse payload (latency: 264ms)
2023-11-02 00:55:16 [ERROR] [worker] [req-61338] retry attempt exhausted (latency: 413ms)
2023-11-02 00:53:38 [WARN] [db] [req-31720] database query executed (latency: 398ms)
2023-11-02 00:43:04 [WARN] [db] [req-68312] config reloaded (latency: 18ms)
2023-11-02 00:05:18 [DEBUG] [worker] [req-11384] request processed successfully (latency: 47ms)
2023-11-02 00:36:34 [WARN] [cache] [req-15481] rate limit hit (latency: 265ms)
2023-11-02 00:30:51 [WARN] [gateway] [req-53084] failed to parse payload (latency: 272ms)
2023-11-02 00:59:55 [DEBUG] [api] [req-10117] failed to parse payload (latency: 58ms)
2023-11-02 00:12:55 [TRACE] [cache] [req-29428] connection established (latency: 386ms)
2023-11-02 00:41:26 [DEBUG] [auth] [req-50711] failed to parse payload (latency: 463ms)
2023-11-02 00:22:30 [TRACE] [gateway] [req-87265] database query executed (latency: 200ms)
2023-11-02 00:51:59 [ERROR] [storage] [req-25589] user session expired (latency: 8ms)
2023-11-02 00:24:09 [WARN] [storage] [req-16612] cache miss for key (latency: 17ms)
2023-11-02 00:31:47 [ERROR] [db] [req-59158] connection established (latency: 435ms)
2023-11-02 00:31:30 [ERROR] [worker] [req-81304] timeout reached, retrying (latency: 67ms)
2023-11-02 00:26:51 [DEBUG] [gateway] [req-94915] service health check OK (latency: 332ms)
2023-11-02 00:39:29 [DEBUG] [api] [req-36896] rate limit hit (latency: 170ms)
2023-11-02 00:00:19 [WARN] [gateway] [req-32783] file uploaded (latency: 62ms)
2023-11-02 00:24:35 [INFO] [auth] [req-85029] retry attempt exhausted (latency: 447ms)
2023-11-02 00:31:30 [TRACE] [cache] [req-80813] request processed successfully (latency: 85ms)
2023-11-02 00:23:25 [ERROR] [worker] [req-99380] config reloaded (latency: 207ms)
2023-11-02 00:50:25 [ERROR] [db] [req-12025] task queue drained (latency: 153ms)
2023-11-02 00:13:03 [DEBUG] [worker] [req-78736] timeout reached, retrying (latency: 432ms)
2023-11-02 00:17:00 [TRACE] [worker] [req-80384] user session expired (latency: 458ms)
2023-11-02 00:02:18 [TRACE] [db] [req-42406] config reloaded (latency: 455ms)
2023-11-02 00:04:43 [WARN] [db] [req-56945] task queue drained (latency: 339ms)
2023-11-02 00:20:44 [TRACE] [api] [req-98899] connection established (latency: 185ms)
2023-11-02 00:36:34 [WARN] [api] [req-93817] service health check OK (latency: 105ms)
2023-11-02 00:18:12 [WARN] [storage] [req-60051] connection established (latency: 276ms)
2023-11-02 00:54:55 [INFO] [storage] [req-65903] authentication passed (latency: 45ms)
2023-11-02 00:24:49 [TRACE] [storage] [req-67665] retry attempt exhausted (latency: 127ms)
2023-11-02 00:42:48 [ERROR] [worker] [req-26519] service health check OK (latency: 70ms)
2023-11-02 00:08:53 [ERROR] [api] [req-63758] config reloaded (latency: 392ms)
2023-11-02 00:39:34 [ERROR] [gateway] [req-39474] service health check OK (latency: 351ms)
2023-11-02 00:01:11 [ERROR] [storage] [req-23307] cache miss for key (latency: 325ms)
2023-11-02 00:31:26 [TRACE] [gateway] [req-98337] request processed successfully (latency: 93ms)
2023-11-02 00:19:02 [DEBUG] [worker] [req-42326] timeout reached, retrying (latency: 104ms)
2023-11-02 00:19:50 [DEBUG] [cache] [req-39468] task queue drained (latency: 243ms)
2023-11-02 00:30:09 [WARN] [db] [req-25788] failed to parse payload (latency: 207ms)
2023-11-02 00:11:35 [ERROR] [cache] [req-91159] rate limit hit (latency: 423ms)
2023-11-02 00:05:06 [TRACE] [db] [req-71597] connection established (latency: 403ms)
2023-11-02 00:09:29 [DEBUG] [worker] [req-24041] retry attempt exhausted (latency: 255ms)
2023-11-02 00:16:35 [ERROR] [storage] [req-27387] task queue drained (latency: 34ms)
2023-11-02 00:48:04 [INFO] [gateway] [req-74742] cache miss for key (latency: 75ms)
2023-11-02 00:27:23 [INFO] [api] [req-57076] memory usage high (latency: 8ms)
2023-11-02 00:13:46 [INFO] [gateway] [req-21519] rate limit hit (latency: 57ms)
2023-11-02 00:32:39 [DEBUG] [api] [req-10472] retry attempt exhausted (latency: 412ms)
2023-11-02 00:15:43 [TRACE] [api] [req-85070] memory usage high (latency: 143ms)
2023-11-02 00:37:47 [INFO] [auth] [req-12820] failed to parse payload (latency: 37ms)
2023-11-02 00:51:51 [ERROR] [cache] [req-49118] service health check OK (latency: 463ms)
2023-11-02 00:33:12 [WARN] [auth] [req-87018] retry attempt exhausted (latency: 206ms)
2023-11-02 00:06:36 [INFO] [db] [req-25843] timeout reached, retrying (latency: 64ms)
2023-11-02 00:08:44 [DEBUG] [auth] [req-78566] failed to parse payload (latency: 62ms)
2023-11-02 00:38:59 [ERROR] [storage] [req-11109] authentication passed (latency: 352ms)
2023-11-02 00:29:50 [DEBUG] [worker] [req-15137] timeout reached, retrying (latency: 81ms)
2023-11-02 00:30:37 [INFO] [auth] [req-20928] rate limit hit (latency: 333ms)
2023-11-02 00:58:27 [TRACE] [db] [req-17654] file uploaded (latency: 296ms)
2023-11-02 00:00:05 [WARN] [worker] [req-33121] user session expired (latency: 454ms)
2023-11-02 00:36:49 [DEBUG] [storage] [req-98123] cache miss for key (latency: 192ms)
2023-11-02 00:41:40 [TRACE] [db] [req-12684] failed to parse payload (latency: 413ms)
2023-11-02 00:19:36 [TRACE] [api] [req-35266] database query executed (latency: 198ms)
2023-11-02 00:11:36 [TRACE] [gateway] [req-64569] timeout reached, retrying (latency: 20ms)
2023-11-02 00:10:19 [INFO] [auth] [req-56549] rate limit hit (latency: 154ms)
2023-11-02 00:37:38 [ERROR] [storage] [req-18398] database query executed (latency: 49ms)
2023-11-02 00:22:06 [WARN] [api] [req-18924] memory usage high (latency: 277ms)
2023-11-02 00:43:16 [WARN] [gateway] [req-73857] timeout reached, retrying (latency: 492ms)
2023-11-02 00:25:55 [ERROR] [cache] [req-28817] request processed successfully (latency: 481ms)
2023-11-02 00:21:22 [ERROR] [auth] [req-40944] timeout reached, retrying (latency: 404ms)
2023-11-02 00:03:59 [DEBUG] [cache] [req-32209] config reloaded (latency: 287ms)
2023-11-02 00:16:50 [DEBUG] [db] [req-31263] rate limit hit (latency: 330ms)
2023-11-02 00:10:59 [DEBUG] [worker] [req-98461] retry attempt exhausted (latency: 338ms)
2023-11-02 00:51:05 [ERROR] [api] [req-81495] retry attempt exhausted (latency: 63ms)
2023-11-02 00:45:07 [WARN] [gateway] [req-68189] request processed successfully (latency: 374ms)
2023-11-02 00:42:29 [WARN] [api] [req-99074] retry attempt exhausted (latency: 284ms)
2023-11-02 00:01:36 [TRACE] [cache] [req-32867] user session expired (latency: 274ms)
2023-11-02 00:10:01 [TRACE] [gateway] [req-66671] file uploaded (latency: 317ms)
2023-11-02 00:04:48 [WARN] [cache] [req-37699] service health check OK (latency: 356ms)
2023-11-02 00:56:27 [WARN] [gateway] [req-12743] timeout reached, retrying (latency: 84ms)
2023-11-02 00:30:35 [TRACE] [gateway] [req-94975] connection established (latency: 370ms)
2023-11-02 00:55:48 [ERROR] [worker] [req-69579] task queue drained (latency: 138ms)
2023-11-02 00:14:30 [TRACE] [worker] [req-11377] cache miss for key (latency: 470ms)
2023-11-02 00:13:47 [WARN] [gateway] [req-10695] config reloaded (latency: 120ms)
2023-11-02 00:53:19 [ERROR] [gateway] [req-32669] service health check OK (latency: 291ms)
2023-11-02 00:48:52 [DEBUG] [worker] [req-53766] file uploaded (latency: 456ms)
2023-11-02 00:36:06 [ERROR] [worker] [req-81377] user session expired (latency: 174ms)
2023-11-02 00:54:48 [WARN] [cache] [req-90594] service health check OK (latency: 257ms)
2023-11-02 00:44:49 [INFO] [storage] [req-84277] connection established (latency: 412ms)
2023-11-02 00:47:03 [TRACE] [cache] [req-19158] database query executed (latency: 203ms)
2023-11-02 00:24:29 [TRACE] [storage] [req-21493] service health check OK (latency: 95ms)
2023-11-02 00:06:24 [TRACE] [gateway] [req-66859] timeout reached, retrying (latency: 164ms)
2023-11-02 00:38:26 [INFO] [cache] [req-55800] cache miss for key (latency: 18ms)
2023-11-02 00:59:27 [DEBUG] [worker] [req-82359] file uploaded (latency: 174ms)
2023-11-02 00:23:13 [INFO] [auth] [req-87579] cache miss for key (latency: 240ms)
2023-11-02 00:24:19 [DEBUG] [cache] [req-42622] database query executed (latency: 333ms)
2023-11-02 00:10:02 [DEBUG] [worker] [req-79049] rate limit hit (latency: 351ms)
2023-11-02 00:17:15 [INFO] [worker] [req-47745] connection established (latency: 319ms)
2023-11-02 00:51:48 [DEBUG] [worker] [req-71513] file uploaded (latency: 95ms)
2023-11-02 00:58:48 [INFO] [worker] [req-77473] user session expired (latency: 494ms)
2023-11-02 00:48:17 [ERROR] [storage] [req-11997] user session expired (latency: 77ms)
2023-11-02 00:42:32 [WARN] [cache] [req-39977] task queue drained (latency: 22ms)
2023-11-02 00:11:26 [DEBUG] [db] [req-40256] user session expired (latency: 412ms)
2023-11-02 00:07:06 [INFO] [gateway] [req-62186] request processed successfully (latency: 289ms)
2023-11-02 00:32:06 [DEBUG] [api] [req-76718] service health check OK (latency: 362ms)
